[07-Jul-2024 16:29:18 Europe/Berlin] PHP Deprecated:  Implicit conversion from float 0.5 to int loses precision in C:\xampp1\htdocs\phpqrcode-2010100721_1.1.4\phpqrcode\qrencode.php on line 140
[07-Jul-2024 16:29:18 Europe/Berlin] PHP Deprecated:  Implicit conversion from float 1.5 to int loses precision in C:\xampp1\htdocs\phpqrcode-2010100721_1.1.4\phpqrcode\qrencode.php on line 140
[07-Jul-2024 16:29:18 Europe/Berlin] PHP Deprecated:  Implicit conversion from float 2.5 to int loses precision in C:\xampp1\htdocs\phpqrcode-2010100721_1.1.4\phpqrcode\qrencode.php on line 140
[07-Jul-2024 16:29:18 Europe/Berlin] PHP Deprecated:  Implicit conversion from float 3.5 to int loses precision in C:\xampp1\htdocs\phpqrcode-2010100721_1.1.4\phpqrcode\qrencode.php on line 140
[07-Jul-2024 16:29:18 Europe/Berlin] PHP Deprecated:  Implicit conversion from float 4.5 to int loses precision in C:\xampp1\htdocs\phpqrcode-2010100721_1.1.4\phpqrcode\qrencode.php on line 140
[07-Jul-2024 16:29:18 Europe/Berlin] PHP Deprecated:  Implicit conversion from float 5.5 to int loses precision in C:\xampp1\htdocs\phpqrcode-2010100721_1.1.4\phpqrcode\qrencode.php on line 140
[07-Jul-2024 16:29:18 Europe/Berlin] PHP Deprecated:  Implicit conversion from float 6.5 to int loses precision in C:\xampp1\htdocs\phpqrcode-2010100721_1.1.4\phpqrcode\qrencode.php on line 140
[07-Jul-2024 16:29:18 Europe/Berlin] PHP Deprecated:  Implicit conversion from float 7.5 to int loses precision in C:\xampp1\htdocs\phpqrcode-2010100721_1.1.4\phpqrcode\qrencode.php on line 140
[07-Jul-2024 16:29:18 Europe/Berlin] PHP Deprecated:  Implicit conversion from float 8.5 to int loses precision in C:\xampp1\htdocs\phpqrcode-2010100721_1.1.4\phpqrcode\qrencode.php on line 140
[07-Jul-2024 16:29:18 Europe/Berlin] PHP Deprecated:  Implicit conversion from float 9.5 to int loses precision in C:\xampp1\htdocs\phpqrcode-2010100721_1.1.4\phpqrcode\qrencode.php on line 140
[07-Jul-2024 16:29:18 Europe/Berlin] PHP Deprecated:  Implicit conversion from float 10.5 to int loses precision in C:\xampp1\htdocs\phpqrcode-2010100721_1.1.4\phpqrcode\qrencode.php on line 140
[07-Jul-2024 16:29:18 Europe/Berlin] PHP Deprecated:  Implicit conversion from float 11.5 to int loses precision in C:\xampp1\htdocs\phpqrcode-2010100721_1.1.4\phpqrcode\qrencode.php on line 140
[07-Jul-2024 16:29:18 Europe/Berlin] PHP Deprecated:  Implicit conversion from float 12.5 to int loses precision in C:\xampp1\htdocs\phpqrcode-2010100721_1.1.4\phpqrcode\qrencode.php on line 140
[07-Jul-2024 16:29:18 Europe/Berlin] PHP Deprecated:  Implicit conversion from float 13.5 to int loses precision in C:\xampp1\htdocs\phpqrcode-2010100721_1.1.4\phpqrcode\qrencode.php on line 140
[07-Jul-2024 16:29:18 Europe/Berlin] PHP Deprecated:  Implicit conversion from float 14.5 to int loses precision in C:\xampp1\htdocs\phpqrcode-2010100721_1.1.4\phpqrcode\qrencode.php on line 140
[07-Jul-2024 16:29:18 Europe/Berlin] PHP Deprecated:  Implicit conversion from float 15.5 to int loses precision in C:\xampp1\htdocs\phpqrcode-2010100721_1.1.4\phpqrcode\qrencode.php on line 140
[07-Jul-2024 16:29:18 Europe/Berlin] PHP Deprecated:  Implicit conversion from float 16.5 to int loses precision in C:\xampp1\htdocs\phpqrcode-2010100721_1.1.4\phpqrcode\qrencode.php on line 140
[07-Jul-2024 16:29:18 Europe/Berlin] PHP Deprecated:  Implicit conversion from float 17.5 to int loses precision in C:\xampp1\htdocs\phpqrcode-2010100721_1.1.4\phpqrcode\qrencode.php on line 140
[07-Jul-2024 16:29:18 Europe/Berlin] PHP Deprecated:  Implicit conversion from float 18.5 to int loses precision in C:\xampp1\htdocs\phpqrcode-2010100721_1.1.4\phpqrcode\qrencode.php on line 140
[07-Jul-2024 16:29:18 Europe/Berlin] PHP Deprecated:  Implicit conversion from float 19.5 to int loses precision in C:\xampp1\htdocs\phpqrcode-2010100721_1.1.4\phpqrcode\qrencode.php on line 140
[07-Jul-2024 16:29:18 Europe/Berlin] PHP Deprecated:  Implicit conversion from float 20.5 to int loses precision in C:\xampp1\htdocs\phpqrcode-2010100721_1.1.4\phpqrcode\qrencode.php on line 140
[07-Jul-2024 16:29:18 Europe/Berlin] PHP Deprecated:  Implicit conversion from float 21.5 to int loses precision in C:\xampp1\htdocs\phpqrcode-2010100721_1.1.4\phpqrcode\qrencode.php on line 140
[07-Jul-2024 16:29:18 Europe/Berlin] PHP Deprecated:  Implicit conversion from float 22.5 to int loses precision in C:\xampp1\htdocs\phpqrcode-2010100721_1.1.4\phpqrcode\qrencode.php on line 140
[07-Jul-2024 16:29:18 Europe/Berlin] PHP Deprecated:  Implicit conversion from float 23.5 to int loses precision in C:\xampp1\htdocs\phpqrcode-2010100721_1.1.4\phpqrcode\qrencode.php on line 140
[07-Jul-2024 16:29:18 Europe/Berlin] PHP Deprecated:  Implicit conversion from float 24.5 to int loses precision in C:\xampp1\htdocs\phpqrcode-2010100721_1.1.4\phpqrcode\qrencode.php on line 140
[07-Jul-2024 16:29:18 Europe/Berlin] PHP Deprecated:  Implicit conversion from float 25.5 to int loses precision in C:\xampp1\htdocs\phpqrcode-2010100721_1.1.4\phpqrcode\qrencode.php on line 140
[07-Jul-2024 16:29:18 Europe/Berlin] PHP Deprecated:  Implicit conversion from float 26.5 to int loses precision in C:\xampp1\htdocs\phpqrcode-2010100721_1.1.4\phpqrcode\qrencode.php on line 140
[07-Jul-2024 16:29:18 Europe/Berlin] PHP Deprecated:  Implicit conversion from float 27.5 to int loses precision in C:\xampp1\htdocs\phpqrcode-2010100721_1.1.4\phpqrcode\qrencode.php on line 140
[07-Jul-2024 16:29:18 Europe/Berlin] PHP Deprecated:  Implicit conversion from float 28.5 to int loses precision in C:\xampp1\htdocs\phpqrcode-2010100721_1.1.4\phpqrcode\qrencode.php on line 140
[07-Jul-2024 16:29:18 Europe/Berlin] PHP Deprecated:  Implicit conversion from float 29.5 to int loses precision in C:\xampp1\htdocs\phpqrcode-2010100721_1.1.4\phpqrcode\qrencode.php on line 140
[07-Jul-2024 16:29:18 Europe/Berlin] PHP Deprecated:  Implicit conversion from float 30.5 to int loses precision in C:\xampp1\htdocs\phpqrcode-2010100721_1.1.4\phpqrcode\qrencode.php on line 140
[07-Jul-2024 16:29:18 Europe/Berlin] PHP Deprecated:  Implicit conversion from float 31.5 to int loses precision in C:\xampp1\htdocs\phpqrcode-2010100721_1.1.4\phpqrcode\qrencode.php on line 140
[07-Jul-2024 16:29:18 Europe/Berlin] PHP Deprecated:  Implicit conversion from float 32.5 to int loses precision in C:\xampp1\htdocs\phpqrcode-2010100721_1.1.4\phpqrcode\qrencode.php on line 140
[07-Jul-2024 16:29:18 Europe/Berlin] PHP Deprecated:  Implicit conversion from float 33.5 to int loses precision in C:\xampp1\htdocs\phpqrcode-2010100721_1.1.4\phpqrcode\qrencode.php on line 140
[07-Jul-2024 16:29:18 Europe/Berlin] PHP Deprecated:  Implicit conversion from float 34.5 to int loses precision in C:\xampp1\htdocs\phpqrcode-2010100721_1.1.4\phpqrcode\qrencode.php on line 140
[07-Jul-2024 16:29:18 Europe/Berlin] PHP Deprecated:  Implicit conversion from float 35.5 to int loses precision in C:\xampp1\htdocs\phpqrcode-2010100721_1.1.4\phpqrcode\qrencode.php on line 140
[07-Jul-2024 16:29:18 Europe/Berlin] PHP Deprecated:  Implicit conversion from float 36.5 to int loses precision in C:\xampp1\htdocs\phpqrcode-2010100721_1.1.4\phpqrcode\qrencode.php on line 140
[07-Jul-2024 16:29:18 Europe/Berlin] PHP Deprecated:  Implicit conversion from float 37.5 to int loses precision in C:\xampp1\htdocs\phpqrcode-2010100721_1.1.4\phpqrcode\qrencode.php on line 140
[07-Jul-2024 16:29:18 Europe/Berlin] PHP Deprecated:  Implicit conversion from float 38.5 to int loses precision in C:\xampp1\htdocs\phpqrcode-2010100721_1.1.4\phpqrcode\qrencode.php on line 140
[07-Jul-2024 16:29:18 Europe/Berlin] PHP Deprecated:  Implicit conversion from float 39.5 to int loses precision in C:\xampp1\htdocs\phpqrcode-2010100721_1.1.4\phpqrcode\qrencode.php on line 140
[07-Jul-2024 16:29:18 Europe/Berlin] PHP Deprecated:  Implicit conversion from float 40.5 to int loses precision in C:\xampp1\htdocs\phpqrcode-2010100721_1.1.4\phpqrcode\qrencode.php on line 140
[07-Jul-2024 16:29:18 Europe/Berlin] PHP Deprecated:  Implicit conversion from float 41.5 to int loses precision in C:\xampp1\htdocs\phpqrcode-2010100721_1.1.4\phpqrcode\qrencode.php on line 140
[07-Jul-2024 16:29:18 Europe/Berlin] PHP Deprecated:  Implicit conversion from float 42.5 to int loses precision in C:\xampp1\htdocs\phpqrcode-2010100721_1.1.4\phpqrcode\qrencode.php on line 140
[07-Jul-2024 16:29:18 Europe/Berlin] PHP Deprecated:  Implicit conversion from float 43.5 to int loses precision in C:\xampp1\htdocs\phpqrcode-2010100721_1.1.4\phpqrcode\qrencode.php on line 140
[07-Jul-2024 16:29:18 Europe/Berlin] PHP Deprecated:  Implicit conversion from float 44.5 to int loses precision in C:\xampp1\htdocs\phpqrcode-2010100721_1.1.4\phpqrcode\qrencode.php on line 140
[07-Jul-2024 16:29:18 Europe/Berlin] PHP Deprecated:  Implicit conversion from float 45.5 to int loses precision in C:\xampp1\htdocs\phpqrcode-2010100721_1.1.4\phpqrcode\qrencode.php on line 140
[07-Jul-2024 16:29:18 Europe/Berlin] PHP Deprecated:  Implicit conversion from float 46.5 to int loses precision in C:\xampp1\htdocs\phpqrcode-2010100721_1.1.4\phpqrcode\qrencode.php on line 140
[07-Jul-2024 16:29:18 Europe/Berlin] PHP Deprecated:  Implicit conversion from float 47.5 to int loses precision in C:\xampp1\htdocs\phpqrcode-2010100721_1.1.4\phpqrcode\qrencode.php on line 140
[07-Jul-2024 16:29:18 Europe/Berlin] PHP Deprecated:  Implicit conversion from float 48.5 to int loses precision in C:\xampp1\htdocs\phpqrcode-2010100721_1.1.4\phpqrcode\qrencode.php on line 140
[07-Jul-2024 16:29:18 Europe/Berlin] PHP Deprecated:  Implicit conversion from float 49.5 to int loses precision in C:\xampp1\htdocs\phpqrcode-2010100721_1.1.4\phpqrcode\qrencode.php on line 140
[07-Jul-2024 16:29:18 Europe/Berlin] PHP Deprecated:  Implicit conversion from float 50.5 to int loses precision in C:\xampp1\htdocs\phpqrcode-2010100721_1.1.4\phpqrcode\qrencode.php on line 140
[07-Jul-2024 16:29:18 Europe/Berlin] PHP Deprecated:  Implicit conversion from float 51.5 to int loses precision in C:\xampp1\htdocs\phpqrcode-2010100721_1.1.4\phpqrcode\qrencode.php on line 140
[07-Jul-2024 16:29:18 Europe/Berlin] PHP Deprecated:  Implicit conversion from float 52.5 to int loses precision in C:\xampp1\htdocs\phpqrcode-2010100721_1.1.4\phpqrcode\qrencode.php on line 140
[07-Jul-2024 16:29:18 Europe/Berlin] PHP Deprecated:  Implicit conversion from float 53.5 to int loses precision in C:\xampp1\htdocs\phpqrcode-2010100721_1.1.4\phpqrcode\qrencode.php on line 140
[07-Jul-2024 16:29:18 Europe/Berlin] PHP Deprecated:  Implicit conversion from float 54.5 to int loses precision in C:\xampp1\htdocs\phpqrcode-2010100721_1.1.4\phpqrcode\qrencode.php on line 140
[07-Jul-2024 16:29:18 Europe/Berlin] PHP Deprecated:  Implicit conversion from float 55.5 to int loses precision in C:\xampp1\htdocs\phpqrcode-2010100721_1.1.4\phpqrcode\qrencode.php on line 140
[07-Jul-2024 16:29:18 Europe/Berlin] PHP Deprecated:  Implicit conversion from float 56.5 to int loses precision in C:\xampp1\htdocs\phpqrcode-2010100721_1.1.4\phpqrcode\qrencode.php on line 140
[07-Jul-2024 16:29:18 Europe/Berlin] PHP Deprecated:  Implicit conversion from float 57.5 to int loses precision in C:\xampp1\htdocs\phpqrcode-2010100721_1.1.4\phpqrcode\qrencode.php on line 140
[07-Jul-2024 16:29:18 Europe/Berlin] PHP Deprecated:  Implicit conversion from float 58.5 to int loses precision in C:\xampp1\htdocs\phpqrcode-2010100721_1.1.4\phpqrcode\qrencode.php on line 140
[07-Jul-2024 16:29:18 Europe/Berlin] PHP Deprecated:  Implicit conversion from float 59.5 to int loses precision in C:\xampp1\htdocs\phpqrcode-2010100721_1.1.4\phpqrcode\qrencode.php on line 140
[07-Jul-2024 16:29:18 Europe/Berlin] PHP Deprecated:  Implicit conversion from float 60.5 to int loses precision in C:\xampp1\htdocs\phpqrcode-2010100721_1.1.4\phpqrcode\qrencode.php on line 140
[07-Jul-2024 16:29:18 Europe/Berlin] PHP Deprecated:  Implicit conversion from float 61.5 to int loses precision in C:\xampp1\htdocs\phpqrcode-2010100721_1.1.4\phpqrcode\qrencode.php on line 140
[07-Jul-2024 16:29:18 Europe/Berlin] PHP Deprecated:  Implicit conversion from float 62.5 to int loses precision in C:\xampp1\htdocs\phpqrcode-2010100721_1.1.4\phpqrcode\qrencode.php on line 140
[07-Jul-2024 16:29:18 Europe/Berlin] PHP Deprecated:  Implicit conversion from float 63.5 to int loses precision in C:\xampp1\htdocs\phpqrcode-2010100721_1.1.4\phpqrcode\qrencode.php on line 140
[07-Jul-2024 16:29:18 Europe/Berlin] PHP Deprecated:  Implicit conversion from float 64.5 to int loses precision in C:\xampp1\htdocs\phpqrcode-2010100721_1.1.4\phpqrcode\qrencode.php on line 140
[07-Jul-2024 16:29:18 Europe/Berlin] PHP Deprecated:  Implicit conversion from float 65.5 to int loses precision in C:\xampp1\htdocs\phpqrcode-2010100721_1.1.4\phpqrcode\qrencode.php on line 140
[07-Jul-2024 16:29:18 Europe/Berlin] PHP Deprecated:  Implicit conversion from float 66.5 to int loses precision in C:\xampp1\htdocs\phpqrcode-2010100721_1.1.4\phpqrcode\qrencode.php on line 140
[07-Jul-2024 16:29:18 Europe/Berlin] PHP Deprecated:  Implicit conversion from float 67.5 to int loses precision in C:\xampp1\htdocs\phpqrcode-2010100721_1.1.4\phpqrcode\qrencode.php on line 140
[07-Jul-2024 16:29:18 Europe/Berlin] PHP Deprecated:  Implicit conversion from float 68.5 to int loses precision in C:\xampp1\htdocs\phpqrcode-2010100721_1.1.4\phpqrcode\qrencode.php on line 140
[07-Jul-2024 16:29:18 Europe/Berlin] PHP Deprecated:  Implicit conversion from float 69.5 to int loses precision in C:\xampp1\htdocs\phpqrcode-2010100721_1.1.4\phpqrcode\qrencode.php on line 140
[07-Jul-2024 16:29:18 Europe/Berlin] PHP Deprecated:  Implicit conversion from float 70.5 to int loses precision in C:\xampp1\htdocs\phpqrcode-2010100721_1.1.4\phpqrcode\qrencode.php on line 140
[07-Jul-2024 16:29:18 Europe/Berlin] PHP Deprecated:  Implicit conversion from float 71.5 to int loses precision in C:\xampp1\htdocs\phpqrcode-2010100721_1.1.4\phpqrcode\qrencode.php on line 140
[07-Jul-2024 16:29:18 Europe/Berlin] PHP Deprecated:  Implicit conversion from float 72.5 to int loses precision in C:\xampp1\htdocs\phpqrcode-2010100721_1.1.4\phpqrcode\qrencode.php on line 140
[07-Jul-2024 16:29:18 Europe/Berlin] PHP Deprecated:  Implicit conversion from float 73.5 to int loses precision in C:\xampp1\htdocs\phpqrcode-2010100721_1.1.4\phpqrcode\qrencode.php on line 140
[07-Jul-2024 16:29:18 Europe/Berlin] PHP Deprecated:  Implicit conversion from float 74.5 to int loses precision in C:\xampp1\htdocs\phpqrcode-2010100721_1.1.4\phpqrcode\qrencode.php on line 140
[07-Jul-2024 16:29:18 Europe/Berlin] PHP Deprecated:  Implicit conversion from float 75.5 to int loses precision in C:\xampp1\htdocs\phpqrcode-2010100721_1.1.4\phpqrcode\qrencode.php on line 140
[07-Jul-2024 16:29:18 Europe/Berlin] PHP Deprecated:  Implicit conversion from float 76.5 to int loses precision in C:\xampp1\htdocs\phpqrcode-2010100721_1.1.4\phpqrcode\qrencode.php on line 140
[07-Jul-2024 16:29:18 Europe/Berlin] PHP Deprecated:  Implicit conversion from float 77.5 to int loses precision in C:\xampp1\htdocs\phpqrcode-2010100721_1.1.4\phpqrcode\qrencode.php on line 140
[07-Jul-2024 16:29:18 Europe/Berlin] PHP Deprecated:  Implicit conversion from float 0.5 to int loses precision in C:\xampp1\htdocs\phpqrcode-2010100721_1.1.4\phpqrcode\qrencode.php on line 144
[07-Jul-2024 16:29:18 Europe/Berlin] PHP Deprecated:  Implicit conversion from float 1.5 to int loses precision in C:\xampp1\htdocs\phpqrcode-2010100721_1.1.4\phpqrcode\qrencode.php on line 144
[07-Jul-2024 16:29:18 Europe/Berlin] PHP Deprecated:  Implicit conversion from float 2.5 to int loses precision in C:\xampp1\htdocs\phpqrcode-2010100721_1.1.4\phpqrcode\qrencode.php on line 144
[07-Jul-2024 16:29:18 Europe/Berlin] PHP Deprecated:  Implicit conversion from float 3.5 to int loses precision in C:\xampp1\htdocs\phpqrcode-2010100721_1.1.4\phpqrcode\qrencode.php on line 144
[07-Jul-2024 16:29:18 Europe/Berlin] PHP Deprecated:  Implicit conversion from float 4.5 to int loses precision in C:\xampp1\htdocs\phpqrcode-2010100721_1.1.4\phpqrcode\qrencode.php on line 144
[07-Jul-2024 16:29:18 Europe/Berlin] PHP Deprecated:  Implicit conversion from float 5.5 to int loses precision in C:\xampp1\htdocs\phpqrcode-2010100721_1.1.4\phpqrcode\qrencode.php on line 144
[07-Jul-2024 16:29:18 Europe/Berlin] PHP Deprecated:  Implicit conversion from float 6.5 to int loses precision in C:\xampp1\htdocs\phpqrcode-2010100721_1.1.4\phpqrcode\qrencode.php on line 144
[07-Jul-2024 16:29:18 Europe/Berlin] PHP Deprecated:  Implicit conversion from float 7.5 to int loses precision in C:\xampp1\htdocs\phpqrcode-2010100721_1.1.4\phpqrcode\qrencode.php on line 144
[07-Jul-2024 16:29:18 Europe/Berlin] PHP Deprecated:  Implicit conversion from float 8.5 to int loses precision in C:\xampp1\htdocs\phpqrcode-2010100721_1.1.4\phpqrcode\qrencode.php on line 144
[07-Jul-2024 16:29:18 Europe/Berlin] PHP Deprecated:  Implicit conversion from float 9.5 to int loses precision in C:\xampp1\htdocs\phpqrcode-2010100721_1.1.4\phpqrcode\qrencode.php on line 144
[07-Jul-2024 16:29:18 Europe/Berlin] PHP Deprecated:  Implicit conversion from float 10.5 to int loses precision in C:\xampp1\htdocs\phpqrcode-2010100721_1.1.4\phpqrcode\qrencode.php on line 144
[07-Jul-2024 16:29:18 Europe/Berlin] PHP Deprecated:  Implicit conversion from float 11.5 to int loses precision in C:\xampp1\htdocs\phpqrcode-2010100721_1.1.4\phpqrcode\qrencode.php on line 144
[07-Jul-2024 16:29:18 Europe/Berlin] PHP Deprecated:  Implicit conversion from float 12.5 to int loses precision in C:\xampp1\htdocs\phpqrcode-2010100721_1.1.4\phpqrcode\qrencode.php on line 144
[07-Jul-2024 16:29:18 Europe/Berlin] PHP Deprecated:  Implicit conversion from float 13.5 to int loses precision in C:\xampp1\htdocs\phpqrcode-2010100721_1.1.4\phpqrcode\qrencode.php on line 144
[07-Jul-2024 16:29:18 Europe/Berlin] PHP Deprecated:  Implicit conversion from float 14.5 to int loses precision in C:\xampp1\htdocs\phpqrcode-2010100721_1.1.4\phpqrcode\qrencode.php on line 144
[07-Jul-2024 16:29:18 Europe/Berlin] PHP Deprecated:  Implicit conversion from float 15.5 to int loses precision in C:\xampp1\htdocs\phpqrcode-2010100721_1.1.4\phpqrcode\qrencode.php on line 144
[07-Jul-2024 16:29:18 Europe/Berlin] PHP Deprecated:  Implicit conversion from float 16.5 to int loses precision in C:\xampp1\htdocs\phpqrcode-2010100721_1.1.4\phpqrcode\qrencode.php on line 144
[07-Jul-2024 16:29:18 Europe/Berlin] PHP Deprecated:  Implicit conversion from float 17.5 to int loses precision in C:\xampp1\htdocs\phpqrcode-2010100721_1.1.4\phpqrcode\qrencode.php on line 144
[07-Jul-2024 16:29:18 Europe/Berlin] PHP Deprecated:  Implicit conversion from float 18.5 to int loses precision in C:\xampp1\htdocs\phpqrcode-2010100721_1.1.4\phpqrcode\qrencode.php on line 144
[07-Jul-2024 16:29:18 Europe/Berlin] PHP Deprecated:  Implicit conversion from float 19.5 to int loses precision in C:\xampp1\htdocs\phpqrcode-2010100721_1.1.4\phpqrcode\qrencode.php on line 144
[07-Jul-2024 16:29:18 Europe/Berlin] PHP Fatal error:  Uncaught Error: Call to undefined function ImageCreate() in C:\xampp1\htdocs\phpqrcode-2010100721_1.1.4\phpqrcode\qrimage.php:74
Stack trace:
#0 C:\xampp1\htdocs\phpqrcode-2010100721_1.1.4\phpqrcode\qrimage.php(32): QRimage::image(Array, 3, 4)
#1 C:\xampp1\htdocs\phpqrcode-2010100721_1.1.4\phpqrcode\qrencode.php(494): QRimage::png(Array, 'qrcodes/5252.pn...', 3, 4, false)
#2 C:\xampp1\htdocs\phpqrcode-2010100721_1.1.4\phpqrcode\qrencode.php(286): QRencode->encodePNG('[{"name":"lsdgh...', 'qrcodes/5252.pn...', false)
#3 C:\xampp1\htdocs\generate_qr_code.php(49): QRcode::png('[{"name":"lsdgh...', 'qrcodes/5252.pn...')
#4 {main}
  thrown in C:\xampp1\htdocs\phpqrcode-2010100721_1.1.4\phpqrcode\qrimage.php on line 74
[07-Jul-2024 16:31:34 Europe/Berlin] PHP Deprecated:  Implicit conversion from float 0.5 to int loses precision in C:\xampp1\htdocs\phpqrcode-2010100721_1.1.4\phpqrcode\qrencode.php on line 140
[07-Jul-2024 16:31:34 Europe/Berlin] PHP Deprecated:  Implicit conversion from float 1.5 to int loses precision in C:\xampp1\htdocs\phpqrcode-2010100721_1.1.4\phpqrcode\qrencode.php on line 140
[07-Jul-2024 16:31:34 Europe/Berlin] PHP Deprecated:  Implicit conversion from float 2.5 to int loses precision in C:\xampp1\htdocs\phpqrcode-2010100721_1.1.4\phpqrcode\qrencode.php on line 140
[07-Jul-2024 16:31:34 Europe/Berlin] PHP Deprecated:  Implicit conversion from float 3.5 to int loses precision in C:\xampp1\htdocs\phpqrcode-2010100721_1.1.4\phpqrcode\qrencode.php on line 140
[07-Jul-2024 16:31:34 Europe/Berlin] PHP Deprecated:  Implicit conversion from float 4.5 to int loses precision in C:\xampp1\htdocs\phpqrcode-2010100721_1.1.4\phpqrcode\qrencode.php on line 140
[07-Jul-2024 16:31:34 Europe/Berlin] PHP Deprecated:  Implicit conversion from float 5.5 to int loses precision in C:\xampp1\htdocs\phpqrcode-2010100721_1.1.4\phpqrcode\qrencode.php on line 140
[07-Jul-2024 16:31:34 Europe/Berlin] PHP Deprecated:  Implicit conversion from float 6.5 to int loses precision in C:\xampp1\htdocs\phpqrcode-2010100721_1.1.4\phpqrcode\qrencode.php on line 140
[07-Jul-2024 16:31:34 Europe/Berlin] PHP Deprecated:  Implicit conversion from float 7.5 to int loses precision in C:\xampp1\htdocs\phpqrcode-2010100721_1.1.4\phpqrcode\qrencode.php on line 140
[07-Jul-2024 16:31:34 Europe/Berlin] PHP Deprecated:  Implicit conversion from float 8.5 to int loses precision in C:\xampp1\htdocs\phpqrcode-2010100721_1.1.4\phpqrcode\qrencode.php on line 140
[07-Jul-2024 16:31:34 Europe/Berlin] PHP Deprecated:  Implicit conversion from float 9.5 to int loses precision in C:\xampp1\htdocs\phpqrcode-2010100721_1.1.4\phpqrcode\qrencode.php on line 140
[07-Jul-2024 16:31:34 Europe/Berlin] PHP Deprecated:  Implicit conversion from float 10.5 to int loses precision in C:\xampp1\htdocs\phpqrcode-2010100721_1.1.4\phpqrcode\qrencode.php on line 140
[07-Jul-2024 16:31:34 Europe/Berlin] PHP Deprecated:  Implicit conversion from float 11.5 to int loses precision in C:\xampp1\htdocs\phpqrcode-2010100721_1.1.4\phpqrcode\qrencode.php on line 140
[07-Jul-2024 16:31:34 Europe/Berlin] PHP Deprecated:  Implicit conversion from float 12.5 to int loses precision in C:\xampp1\htdocs\phpqrcode-2010100721_1.1.4\phpqrcode\qrencode.php on line 140
[07-Jul-2024 16:31:34 Europe/Berlin] PHP Deprecated:  Implicit conversion from float 13.5 to int loses precision in C:\xampp1\htdocs\phpqrcode-2010100721_1.1.4\phpqrcode\qrencode.php on line 140
[07-Jul-2024 16:31:34 Europe/Berlin] PHP Deprecated:  Implicit conversion from float 14.5 to int loses precision in C:\xampp1\htdocs\phpqrcode-2010100721_1.1.4\phpqrcode\qrencode.php on line 140
[07-Jul-2024 16:31:34 Europe/Berlin] PHP Deprecated:  Implicit conversion from float 15.5 to int loses precision in C:\xampp1\htdocs\phpqrcode-2010100721_1.1.4\phpqrcode\qrencode.php on line 140
[07-Jul-2024 16:31:34 Europe/Berlin] PHP Deprecated:  Implicit conversion from float 16.5 to int loses precision in C:\xampp1\htdocs\phpqrcode-2010100721_1.1.4\phpqrcode\qrencode.php on line 140
[07-Jul-2024 16:31:34 Europe/Berlin] PHP Deprecated:  Implicit conversion from float 17.5 to int loses precision in C:\xampp1\htdocs\phpqrcode-2010100721_1.1.4\phpqrcode\qrencode.php on line 140
[07-Jul-2024 16:31:34 Europe/Berlin] PHP Deprecated:  Implicit conversion from float 18.5 to int loses precision in C:\xampp1\htdocs\phpqrcode-2010100721_1.1.4\phpqrcode\qrencode.php on line 140
[07-Jul-2024 16:31:34 Europe/Berlin] PHP Deprecated:  Implicit conversion from float 19.5 to int loses precision in C:\xampp1\htdocs\phpqrcode-2010100721_1.1.4\phpqrcode\qrencode.php on line 140
[07-Jul-2024 16:31:34 Europe/Berlin] PHP Deprecated:  Implicit conversion from float 20.5 to int loses precision in C:\xampp1\htdocs\phpqrcode-2010100721_1.1.4\phpqrcode\qrencode.php on line 140
[07-Jul-2024 16:31:34 Europe/Berlin] PHP Deprecated:  Implicit conversion from float 21.5 to int loses precision in C:\xampp1\htdocs\phpqrcode-2010100721_1.1.4\phpqrcode\qrencode.php on line 140
[07-Jul-2024 16:31:34 Europe/Berlin] PHP Deprecated:  Implicit conversion from float 22.5 to int loses precision in C:\xampp1\htdocs\phpqrcode-2010100721_1.1.4\phpqrcode\qrencode.php on line 140
[07-Jul-2024 16:31:34 Europe/Berlin] PHP Deprecated:  Implicit conversion from float 23.5 to int loses precision in C:\xampp1\htdocs\phpqrcode-2010100721_1.1.4\phpqrcode\qrencode.php on line 140
[07-Jul-2024 16:31:34 Europe/Berlin] PHP Deprecated:  Implicit conversion from float 24.5 to int loses precision in C:\xampp1\htdocs\phpqrcode-2010100721_1.1.4\phpqrcode\qrencode.php on line 140
[07-Jul-2024 16:31:34 Europe/Berlin] PHP Deprecated:  Implicit conversion from float 25.5 to int loses precision in C:\xampp1\htdocs\phpqrcode-2010100721_1.1.4\phpqrcode\qrencode.php on line 140
[07-Jul-2024 16:31:34 Europe/Berlin] PHP Deprecated:  Implicit conversion from float 26.5 to int loses precision in C:\xampp1\htdocs\phpqrcode-2010100721_1.1.4\phpqrcode\qrencode.php on line 140
[07-Jul-2024 16:31:34 Europe/Berlin] PHP Deprecated:  Implicit conversion from float 27.5 to int loses precision in C:\xampp1\htdocs\phpqrcode-2010100721_1.1.4\phpqrcode\qrencode.php on line 140
[07-Jul-2024 16:31:34 Europe/Berlin] PHP Deprecated:  Implicit conversion from float 28.5 to int loses precision in C:\xampp1\htdocs\phpqrcode-2010100721_1.1.4\phpqrcode\qrencode.php on line 140
[07-Jul-2024 16:31:34 Europe/Berlin] PHP Deprecated:  Implicit conversion from float 29.5 to int loses precision in C:\xampp1\htdocs\phpqrcode-2010100721_1.1.4\phpqrcode\qrencode.php on line 140
[07-Jul-2024 16:31:34 Europe/Berlin] PHP Deprecated:  Implicit conversion from float 30.5 to int loses precision in C:\xampp1\htdocs\phpqrcode-2010100721_1.1.4\phpqrcode\qrencode.php on line 140
[07-Jul-2024 16:31:34 Europe/Berlin] PHP Deprecated:  Implicit conversion from float 31.5 to int loses precision in C:\xampp1\htdocs\phpqrcode-2010100721_1.1.4\phpqrcode\qrencode.php on line 140
[07-Jul-2024 16:31:34 Europe/Berlin] PHP Deprecated:  Implicit conversion from float 32.5 to int loses precision in C:\xampp1\htdocs\phpqrcode-2010100721_1.1.4\phpqrcode\qrencode.php on line 140
[07-Jul-2024 16:31:34 Europe/Berlin] PHP Deprecated:  Implicit conversion from float 33.5 to int loses precision in C:\xampp1\htdocs\phpqrcode-2010100721_1.1.4\phpqrcode\qrencode.php on line 140
[07-Jul-2024 16:31:34 Europe/Berlin] PHP Deprecated:  Implicit conversion from float 34.5 to int loses precision in C:\xampp1\htdocs\phpqrcode-2010100721_1.1.4\phpqrcode\qrencode.php on line 140
[07-Jul-2024 16:31:34 Europe/Berlin] PHP Deprecated:  Implicit conversion from float 35.5 to int loses precision in C:\xampp1\htdocs\phpqrcode-2010100721_1.1.4\phpqrcode\qrencode.php on line 140
[07-Jul-2024 16:31:34 Europe/Berlin] PHP Deprecated:  Implicit conversion from float 36.5 to int loses precision in C:\xampp1\htdocs\phpqrcode-2010100721_1.1.4\phpqrcode\qrencode.php on line 140
[07-Jul-2024 16:31:34 Europe/Berlin] PHP Deprecated:  Implicit conversion from float 37.5 to int loses precision in C:\xampp1\htdocs\phpqrcode-2010100721_1.1.4\phpqrcode\qrencode.php on line 140
[07-Jul-2024 16:31:34 Europe/Berlin] PHP Deprecated:  Implicit conversion from float 38.5 to int loses precision in C:\xampp1\htdocs\phpqrcode-2010100721_1.1.4\phpqrcode\qrencode.php on line 140
[07-Jul-2024 16:31:34 Europe/Berlin] PHP Deprecated:  Implicit conversion from float 39.5 to int loses precision in C:\xampp1\htdocs\phpqrcode-2010100721_1.1.4\phpqrcode\qrencode.php on line 140
[07-Jul-2024 16:31:34 Europe/Berlin] PHP Deprecated:  Implicit conversion from float 40.5 to int loses precision in C:\xampp1\htdocs\phpqrcode-2010100721_1.1.4\phpqrcode\qrencode.php on line 140
[07-Jul-2024 16:31:34 Europe/Berlin] PHP Deprecated:  Implicit conversion from float 41.5 to int loses precision in C:\xampp1\htdocs\phpqrcode-2010100721_1.1.4\phpqrcode\qrencode.php on line 140
[07-Jul-2024 16:31:34 Europe/Berlin] PHP Deprecated:  Implicit conversion from float 42.5 to int loses precision in C:\xampp1\htdocs\phpqrcode-2010100721_1.1.4\phpqrcode\qrencode.php on line 140
[07-Jul-2024 16:31:34 Europe/Berlin] PHP Deprecated:  Implicit conversion from float 43.5 to int loses precision in C:\xampp1\htdocs\phpqrcode-2010100721_1.1.4\phpqrcode\qrencode.php on line 140
[07-Jul-2024 16:31:34 Europe/Berlin] PHP Deprecated:  Implicit conversion from float 44.5 to int loses precision in C:\xampp1\htdocs\phpqrcode-2010100721_1.1.4\phpqrcode\qrencode.php on line 140
[07-Jul-2024 16:31:34 Europe/Berlin] PHP Deprecated:  Implicit conversion from float 45.5 to int loses precision in C:\xampp1\htdocs\phpqrcode-2010100721_1.1.4\phpqrcode\qrencode.php on line 140
[07-Jul-2024 16:31:34 Europe/Berlin] PHP Deprecated:  Implicit conversion from float 46.5 to int loses precision in C:\xampp1\htdocs\phpqrcode-2010100721_1.1.4\phpqrcode\qrencode.php on line 140
[07-Jul-2024 16:31:34 Europe/Berlin] PHP Deprecated:  Implicit conversion from float 47.5 to int loses precision in C:\xampp1\htdocs\phpqrcode-2010100721_1.1.4\phpqrcode\qrencode.php on line 140
[07-Jul-2024 16:31:34 Europe/Berlin] PHP Deprecated:  Implicit conversion from float 48.5 to int loses precision in C:\xampp1\htdocs\phpqrcode-2010100721_1.1.4\phpqrcode\qrencode.php on line 140
[07-Jul-2024 16:31:34 Europe/Berlin] PHP Deprecated:  Implicit conversion from float 49.5 to int loses precision in C:\xampp1\htdocs\phpqrcode-2010100721_1.1.4\phpqrcode\qrencode.php on line 140
[07-Jul-2024 16:31:34 Europe/Berlin] PHP Deprecated:  Implicit conversion from float 50.5 to int loses precision in C:\xampp1\htdocs\phpqrcode-2010100721_1.1.4\phpqrcode\qrencode.php on line 140
[07-Jul-2024 16:31:34 Europe/Berlin] PHP Deprecated:  Implicit conversion from float 51.5 to int loses precision in C:\xampp1\htdocs\phpqrcode-2010100721_1.1.4\phpqrcode\qrencode.php on line 140
[07-Jul-2024 16:31:34 Europe/Berlin] PHP Deprecated:  Implicit conversion from float 52.5 to int loses precision in C:\xampp1\htdocs\phpqrcode-2010100721_1.1.4\phpqrcode\qrencode.php on line 140
[07-Jul-2024 16:31:34 Europe/Berlin] PHP Deprecated:  Implicit conversion from float 53.5 to int loses precision in C:\xampp1\htdocs\phpqrcode-2010100721_1.1.4\phpqrcode\qrencode.php on line 140
[07-Jul-2024 16:31:34 Europe/Berlin] PHP Deprecated:  Implicit conversion from float 54.5 to int loses precision in C:\xampp1\htdocs\phpqrcode-2010100721_1.1.4\phpqrcode\qrencode.php on line 140
[07-Jul-2024 16:31:34 Europe/Berlin] PHP Deprecated:  Implicit conversion from float 55.5 to int loses precision in C:\xampp1\htdocs\phpqrcode-2010100721_1.1.4\phpqrcode\qrencode.php on line 140
[07-Jul-2024 16:31:34 Europe/Berlin] PHP Deprecated:  Implicit conversion from float 56.5 to int loses precision in C:\xampp1\htdocs\phpqrcode-2010100721_1.1.4\phpqrcode\qrencode.php on line 140
[07-Jul-2024 16:31:34 Europe/Berlin] PHP Deprecated:  Implicit conversion from float 57.5 to int loses precision in C:\xampp1\htdocs\phpqrcode-2010100721_1.1.4\phpqrcode\qrencode.php on line 140
[07-Jul-2024 16:31:34 Europe/Berlin] PHP Deprecated:  Implicit conversion from float 58.5 to int loses precision in C:\xampp1\htdocs\phpqrcode-2010100721_1.1.4\phpqrcode\qrencode.php on line 140
[07-Jul-2024 16:31:34 Europe/Berlin] PHP Deprecated:  Implicit conversion from float 59.5 to int loses precision in C:\xampp1\htdocs\phpqrcode-2010100721_1.1.4\phpqrcode\qrencode.php on line 140
[07-Jul-2024 16:31:34 Europe/Berlin] PHP Deprecated:  Implicit conversion from float 60.5 to int loses precision in C:\xampp1\htdocs\phpqrcode-2010100721_1.1.4\phpqrcode\qrencode.php on line 140
[07-Jul-2024 16:31:34 Europe/Berlin] PHP Deprecated:  Implicit conversion from float 61.5 to int loses precision in C:\xampp1\htdocs\phpqrcode-2010100721_1.1.4\phpqrcode\qrencode.php on line 140
[07-Jul-2024 16:31:34 Europe/Berlin] PHP Deprecated:  Implicit conversion from float 62.5 to int loses precision in C:\xampp1\htdocs\phpqrcode-2010100721_1.1.4\phpqrcode\qrencode.php on line 140
[07-Jul-2024 16:31:34 Europe/Berlin] PHP Deprecated:  Implicit conversion from float 63.5 to int loses precision in C:\xampp1\htdocs\phpqrcode-2010100721_1.1.4\phpqrcode\qrencode.php on line 140
[07-Jul-2024 16:31:34 Europe/Berlin] PHP Deprecated:  Implicit conversion from float 64.5 to int loses precision in C:\xampp1\htdocs\phpqrcode-2010100721_1.1.4\phpqrcode\qrencode.php on line 140
[07-Jul-2024 16:31:34 Europe/Berlin] PHP Deprecated:  Implicit conversion from float 65.5 to int loses precision in C:\xampp1\htdocs\phpqrcode-2010100721_1.1.4\phpqrcode\qrencode.php on line 140
[07-Jul-2024 16:31:34 Europe/Berlin] PHP Deprecated:  Implicit conversion from float 66.5 to int loses precision in C:\xampp1\htdocs\phpqrcode-2010100721_1.1.4\phpqrcode\qrencode.php on line 140
[07-Jul-2024 16:31:34 Europe/Berlin] PHP Deprecated:  Implicit conversion from float 67.5 to int loses precision in C:\xampp1\htdocs\phpqrcode-2010100721_1.1.4\phpqrcode\qrencode.php on line 140
[07-Jul-2024 16:31:34 Europe/Berlin] PHP Deprecated:  Implicit conversion from float 68.5 to int loses precision in C:\xampp1\htdocs\phpqrcode-2010100721_1.1.4\phpqrcode\qrencode.php on line 140
[07-Jul-2024 16:31:34 Europe/Berlin] PHP Deprecated:  Implicit conversion from float 69.5 to int loses precision in C:\xampp1\htdocs\phpqrcode-2010100721_1.1.4\phpqrcode\qrencode.php on line 140
[07-Jul-2024 16:31:34 Europe/Berlin] PHP Deprecated:  Implicit conversion from float 70.5 to int loses precision in C:\xampp1\htdocs\phpqrcode-2010100721_1.1.4\phpqrcode\qrencode.php on line 140
[07-Jul-2024 16:31:34 Europe/Berlin] PHP Deprecated:  Implicit conversion from float 71.5 to int loses precision in C:\xampp1\htdocs\phpqrcode-2010100721_1.1.4\phpqrcode\qrencode.php on line 140
[07-Jul-2024 16:31:34 Europe/Berlin] PHP Deprecated:  Implicit conversion from float 72.5 to int loses precision in C:\xampp1\htdocs\phpqrcode-2010100721_1.1.4\phpqrcode\qrencode.php on line 140
[07-Jul-2024 16:31:34 Europe/Berlin] PHP Deprecated:  Implicit conversion from float 73.5 to int loses precision in C:\xampp1\htdocs\phpqrcode-2010100721_1.1.4\phpqrcode\qrencode.php on line 140
[07-Jul-2024 16:31:34 Europe/Berlin] PHP Deprecated:  Implicit conversion from float 74.5 to int loses precision in C:\xampp1\htdocs\phpqrcode-2010100721_1.1.4\phpqrcode\qrencode.php on line 140
[07-Jul-2024 16:31:34 Europe/Berlin] PHP Deprecated:  Implicit conversion from float 75.5 to int loses precision in C:\xampp1\htdocs\phpqrcode-2010100721_1.1.4\phpqrcode\qrencode.php on line 140
[07-Jul-2024 16:31:34 Europe/Berlin] PHP Deprecated:  Implicit conversion from float 76.5 to int loses precision in C:\xampp1\htdocs\phpqrcode-2010100721_1.1.4\phpqrcode\qrencode.php on line 140
[07-Jul-2024 16:31:34 Europe/Berlin] PHP Deprecated:  Implicit conversion from float 77.5 to int loses precision in C:\xampp1\htdocs\phpqrcode-2010100721_1.1.4\phpqrcode\qrencode.php on line 140
[07-Jul-2024 16:31:34 Europe/Berlin] PHP Deprecated:  Implicit conversion from float 0.5 to int loses precision in C:\xampp1\htdocs\phpqrcode-2010100721_1.1.4\phpqrcode\qrencode.php on line 144
[07-Jul-2024 16:31:34 Europe/Berlin] PHP Deprecated:  Implicit conversion from float 1.5 to int loses precision in C:\xampp1\htdocs\phpqrcode-2010100721_1.1.4\phpqrcode\qrencode.php on line 144
[07-Jul-2024 16:31:34 Europe/Berlin] PHP Deprecated:  Implicit conversion from float 2.5 to int loses precision in C:\xampp1\htdocs\phpqrcode-2010100721_1.1.4\phpqrcode\qrencode.php on line 144
[07-Jul-2024 16:31:34 Europe/Berlin] PHP Deprecated:  Implicit conversion from float 3.5 to int loses precision in C:\xampp1\htdocs\phpqrcode-2010100721_1.1.4\phpqrcode\qrencode.php on line 144
[07-Jul-2024 16:31:34 Europe/Berlin] PHP Deprecated:  Implicit conversion from float 4.5 to int loses precision in C:\xampp1\htdocs\phpqrcode-2010100721_1.1.4\phpqrcode\qrencode.php on line 144
[07-Jul-2024 16:31:34 Europe/Berlin] PHP Deprecated:  Implicit conversion from float 5.5 to int loses precision in C:\xampp1\htdocs\phpqrcode-2010100721_1.1.4\phpqrcode\qrencode.php on line 144
[07-Jul-2024 16:31:34 Europe/Berlin] PHP Deprecated:  Implicit conversion from float 6.5 to int loses precision in C:\xampp1\htdocs\phpqrcode-2010100721_1.1.4\phpqrcode\qrencode.php on line 144
[07-Jul-2024 16:31:34 Europe/Berlin] PHP Deprecated:  Implicit conversion from float 7.5 to int loses precision in C:\xampp1\htdocs\phpqrcode-2010100721_1.1.4\phpqrcode\qrencode.php on line 144
[07-Jul-2024 16:31:34 Europe/Berlin] PHP Deprecated:  Implicit conversion from float 8.5 to int loses precision in C:\xampp1\htdocs\phpqrcode-2010100721_1.1.4\phpqrcode\qrencode.php on line 144
[07-Jul-2024 16:31:34 Europe/Berlin] PHP Deprecated:  Implicit conversion from float 9.5 to int loses precision in C:\xampp1\htdocs\phpqrcode-2010100721_1.1.4\phpqrcode\qrencode.php on line 144
[07-Jul-2024 16:31:34 Europe/Berlin] PHP Deprecated:  Implicit conversion from float 10.5 to int loses precision in C:\xampp1\htdocs\phpqrcode-2010100721_1.1.4\phpqrcode\qrencode.php on line 144
[07-Jul-2024 16:31:34 Europe/Berlin] PHP Deprecated:  Implicit conversion from float 11.5 to int loses precision in C:\xampp1\htdocs\phpqrcode-2010100721_1.1.4\phpqrcode\qrencode.php on line 144
[07-Jul-2024 16:31:34 Europe/Berlin] PHP Deprecated:  Implicit conversion from float 12.5 to int loses precision in C:\xampp1\htdocs\phpqrcode-2010100721_1.1.4\phpqrcode\qrencode.php on line 144
[07-Jul-2024 16:31:34 Europe/Berlin] PHP Deprecated:  Implicit conversion from float 13.5 to int loses precision in C:\xampp1\htdocs\phpqrcode-2010100721_1.1.4\phpqrcode\qrencode.php on line 144
[07-Jul-2024 16:31:34 Europe/Berlin] PHP Deprecated:  Implicit conversion from float 14.5 to int loses precision in C:\xampp1\htdocs\phpqrcode-2010100721_1.1.4\phpqrcode\qrencode.php on line 144
[07-Jul-2024 16:31:34 Europe/Berlin] PHP Deprecated:  Implicit conversion from float 15.5 to int loses precision in C:\xampp1\htdocs\phpqrcode-2010100721_1.1.4\phpqrcode\qrencode.php on line 144
[07-Jul-2024 16:31:34 Europe/Berlin] PHP Deprecated:  Implicit conversion from float 16.5 to int loses precision in C:\xampp1\htdocs\phpqrcode-2010100721_1.1.4\phpqrcode\qrencode.php on line 144
[07-Jul-2024 16:31:34 Europe/Berlin] PHP Deprecated:  Implicit conversion from float 17.5 to int loses precision in C:\xampp1\htdocs\phpqrcode-2010100721_1.1.4\phpqrcode\qrencode.php on line 144
[07-Jul-2024 16:31:34 Europe/Berlin] PHP Deprecated:  Implicit conversion from float 18.5 to int loses precision in C:\xampp1\htdocs\phpqrcode-2010100721_1.1.4\phpqrcode\qrencode.php on line 144
[07-Jul-2024 16:31:34 Europe/Berlin] PHP Deprecated:  Implicit conversion from float 19.5 to int loses precision in C:\xampp1\htdocs\phpqrcode-2010100721_1.1.4\phpqrcode\qrencode.php on line 144
[07-Jul-2024 16:31:34 Europe/Berlin] PHP Fatal error:  Uncaught Error: Call to undefined function ImageCreate() in C:\xampp1\htdocs\phpqrcode-2010100721_1.1.4\phpqrcode\qrimage.php:74
Stack trace:
#0 C:\xampp1\htdocs\phpqrcode-2010100721_1.1.4\phpqrcode\qrimage.php(32): QRimage::image(Array, 3, 4)
#1 C:\xampp1\htdocs\phpqrcode-2010100721_1.1.4\phpqrcode\qrencode.php(494): QRimage::png(Array, 'qrcodes/5252.pn...', 3, 4, false)
#2 C:\xampp1\htdocs\phpqrcode-2010100721_1.1.4\phpqrcode\qrencode.php(286): QRencode->encodePNG('[{"name":"lsdgh...', 'qrcodes/5252.pn...', false)
#3 C:\xampp1\htdocs\generate_qr_code.php(49): QRcode::png('[{"name":"lsdgh...', 'qrcodes/5252.pn...')
#4 {main}
  thrown in C:\xampp1\htdocs\phpqrcode-2010100721_1.1.4\phpqrcode\qrimage.php on line 74
